Error: Error code: 400 - {'error': {'message': "Invalid assistant message: role='assistant' content='' tool_calls=None prefix=False", 'type': 'BadRequestError', 'param': None, 'code': 400}}
Messages: [{"role": "system", "content": "You are DocMind AI. You format your output in dense Markdown. CRITICAL RULE: DO NOT use excessive blank lines. Never pad headings or horizontal rules (`---`) with multiple empty lines. Keep spacing incredibly compact and do NOT output `\\n\\n\\n`."}, {"role": "user", "content": "Can you help me?That my."}, {"role": "assistant", "content": ""}, {"role": "user", "content": "Can you help me? My computer is not charging."}]

Error: Error code: 400 - {'error': {'message': "Invalid assistant message: role='assistant' content='' tool_calls=None prefix=False", 'type': 'BadRequestError', 'param': None, 'code': 400}}
Messages: [{"role": "system", "content": "You are DocMind AI. You format your output in dense Markdown. CRITICAL RULE: DO NOT use excessive blank lines. Never pad headings or horizontal rules (`---`) with multiple empty lines. Keep spacing incredibly compact and do NOT output `\\n\\n\\n`."}, {"role": "user", "content": "For fine tune and Metra Lama model using.Laura.Left."}, {"role": "assistant", "content": ""}, {"role": "user", "content": "Write a Python program for fine tune and meta llama model using Lora technique."}]

Error: Error code: 400 - {'error': {'message': "Invalid assistant message: role='assistant' content='' tool_calls=None prefix=False", 'type': 'BadRequestError', 'param': None, 'code': 400}}
Messages: [{"role": "system", "content": "For every project request, respond precisely with the following flow:\n\n1. Begin with an introductory context paragraph. This text MUST be generated before any code.\n   - VERY IMPORTANT: The absolute first line of your response MUST begin exactly with `ACTION: ` followed by a short 1-sentence summary of the project. (e.g., `ACTION: Creating a structured React chatbot website with Dino game artifact`).\n   - KEEP THE INTRODUCTION VERY SHORT. Strictly limit the initial description to 5 or 6 lines maximum before starting the code.\n   - NEVER explicitly print literal section headers like 'Instruction & Description:' or 'Intro:' or 'Initial Context:'. Just write the `ACTION:` line, followed directly by your short description context.\n2. Generate the project files as purely sequential code blocks. DO NOT output conversational text BETWEEN the code blocks. They must stack cleanly.\n3. FOR CODING TASKS ONLY: Immediately after the final code block, but BEFORE your final conclusion, you MUST generate a 'Separation of Concerns' section. Format this seamlessly (e.g., as a clean markdown list or table) mapping each generated file back to its strict architectural responsibility (e.g., `models.js` -> Physics and state, `DinoGame.jsx` -> Composes react components).\n4. Finish with a thorough conclusion followed by actionable future suggestions. This text MUST be generated after the Separation of Concerns.\n   - NEVER use literal section headers (like 'Conclusion' or 'Next Steps'), and NEVER explicitly announce 'Here are some future suggestions:'. Seamlessly and organically weave your future recommendations into the conversation's flow.\n   - IMPORTANT: Always format the final actionable suggestions as clean bullet points or numbered lists for readability. You MUST place every point on its own strict NEW LINE.\n\n### Required Files (generate ALL of these as independent code blocks):\n\n1. **setup_script.sh**: Shell/terminal commands to scaffold the project\n2. **Dependency file**: (e.g., `package.json`, `pubspec.yaml`, `requirements.txt`)\n3. **Models**: All data models, interfaces, types, or classes (e.g., `models.js`, `models.dart`)\n4. **Theme/Design System**: Colors, typography, spacing (e.g., `theme.js`, `styles.css`)\n5. **Seed Data**: (e.g., `data.json`, `seed.js`) with rich content including:\n     - correctIndex or answer key\n     - explanation: detailed educational explanation (2-3 sentences)\n     - funFact: an interesting related fact\n6. **Additional files**: Screens, components, services, routes, etc., each in its own code block\n\n### Data Quality Rules:\n- explanations must be 2-4 sentences, genuinely educational\n- funFacts must be surprising, specific, and verifiable\n- All data entries must be complete \u00e2\u20ac\u201d no placeholders like \"// add more here\"\n- Minimum 8-10 data entries for any list/quiz/dataset\n\n### Code Quality Rules:\n- Every file must be complete and runnable \u00e2\u20ac\u201d no \"TODO\" or \"...\" placeholders\n- Include all imports\n- Follow best practices for the target language/framework\n- Add brief inline comments for non-obvious logic\n\n### Format Rules:\n- NEVER use markdown horizontal rules like `---`.\n- Use triple backtick code blocks with the language specified\n- **CRITICAL REQUIREMENTS FOR INDIVIDUAL CODE BLOCKS:**\n  1) First line MUST be `// filename: [filepath.ext]`.\n  2) Second line MUST be `// description: [One brief sentence describing this file]`. DO NOT OMIT THIS.\n  3) Proceed with the code.\n"}, {"role": "user", "content": "Hello, Minister."}, {"role": "assistant", "content": ""}, {"role": "user", "content": "hello"}]

Error: Error code: 400 - {'error': {'message': "Invalid assistant message: role='assistant' content='' tool_calls=None prefix=False", 'type': 'BadRequestError', 'param': None, 'code': 400}}
Messages: [{"role": "system", "content": "You are DocMind AI, a helpful assistant. Respond naturally to greetings and general questions.\n\nONLY IF the user requests a project, a coding task, or a set of files, follow this precise flow:\n\n1. Begin with an introductory context paragraph. This text MUST be generated before any code.\n   - VERY IMPORTANT: The absolute first line of your response MUST begin exactly with `ACTION: ` followed by a short 1-sentence summary of the project. (e.g., `ACTION: Creating a structured React chatbot website with Dino game artifact`).\n   - KEEP THE INTRODUCTION VERY SHORT. Strictly limit the initial description to 5 or 6 lines maximum before starting the code.\n   - NEVER explicitly print literal section headers like 'Instruction & Description:' or 'Intro:' or 'Initial Context:'. Just write the `ACTION:` line, followed directly by your short description context.\n2. Generate the project files as purely sequential code blocks. DO NOT output conversational text BETWEEN the code blocks. They must stack cleanly.\n3. Immediately after the final code block, but BEFORE your final conclusion, you MUST generate a 'Separation of Concerns' section. Format this seamlessly (e.g., as a clean markdown list or table) mapping each generated file back to its strict architectural responsibility (e.g., `models.js` -> Physics and state, `DinoGame.jsx` -> Composes react components).\n4. Finish with a thorough conclusion followed by actionable future suggestions. This text MUST be generated after the Separation of Concerns.\n   - NEVER use literal section headers (like 'Conclusion' or 'Next Steps'), and NEVER explicitly announce 'Here are some future suggestions:'. Seamlessly and organically weave your future recommendations into the conversation's flow.\n   - IMPORTANT: Always format the final actionable suggestions as clean bullet points or numbered lists for readability. You MUST place every point on its own strict NEW LINE.\n\n### Project Requirements (ONLY for coding/project tasks):\nGenerate the following as independent code blocks if applicable:\n1. **setup_script.sh**: Commands to scaffold the project\n2. **Dependency file**: (e.g., `package.json`, `pubspec.yaml`, `requirements.txt`)\n3. **Models**: All data models, interfaces, types, or classes\n4. **Theme/Design System**: Colors, typography, spacing\n5. **Seed Data**: (if applicable) with rich content\n6. **Additional files**: Screens, components, services, etc.\n\n### Quality Rules for Code/Data:\n- explanations must be 2-4 sentences, genuinely educational\n- funFacts must be surprising, specific, and verifiable\n- Every file must be complete and runnable \u00e2\u20ac\u201d no placeholders\n- Include all imports and add brief inline comments\n\n### Format Rules:\n- NEVER use markdown horizontal rules like `---`.\n- Use triple backtick code blocks with the language specified\n- **CRITICAL REQUIREMENTS FOR INDIVIDUAL CODE BLOCKS:**\n  1) First line MUST be `// filename: [filepath.ext]`.\n  2) Second line MUST be `// description: [One brief sentence describing this file]`. DO NOT OMIT THIS.\n"}, {"role": "user", "content": "Hello. Hello."}, {"role": "assistant", "content": "Hi there! How's it going? Anything fun planned for today, or are you just saying hello? \ud83d\ude0a"}, {"role": "user", "content": "hello how can i help you"}, {"role": "assistant", "content": "I\u2019m here to help *you*! Whether you\u2019re looking to:\n\n- Build a **project** (web apps, scripts, games, APIs)\n- Debug or optimize **code**\n- Generate **data models**, themes, or seed content\n- Brainstorm **tech stacks** or architecture\n- Learn something new with clear examples\n\nJust throw me an idea\u2014even if it\u2019s vague\u2014and I\u2019ll take it from there. What\u2019s on your mind?"}, {"role": "user", "content": "hello"}, {"role": "assistant", "content": "Hi again! \ud83d\ude0a Just checking in\u2014how can I lend a hand today? Need a project built, some code, or maybe just a tech chat? Let me know!"}, {"role": "user", "content": "hellp"}, {"role": "assistant", "content": ""}, {"role": "user", "content": "can you help me to write a python program "}]

Error: Error code: 400 - {'error': {'message': "Invalid assistant message: role='assistant' content='' tool_calls=None prefix=False", 'type': 'BadRequestError', 'param': None, 'code': 400}}
Messages: [{"role": "system", "content": "You are DocMind AI, a helpful assistant. Respond naturally to greetings and general questions.\n\nONLY IF the user requests a project, a coding task, or a set of files, follow this precise flow:\n\n1. Begin with an introductory context paragraph. This text MUST be generated before any code.\n   - VERY IMPORTANT: The absolute first line of your response MUST begin exactly with `ACTION: ` followed by a short 1-sentence summary of the project. (e.g., `ACTION: Creating a structured React chatbot website with Dino game artifact`).\n   - KEEP THE INTRODUCTION VERY SHORT. Strictly limit the initial description to 5 or 6 lines maximum before starting the code.\n   - NEVER explicitly print literal section headers like 'Instruction & Description:' or 'Intro:' or 'Initial Context:'. Just write the `ACTION:` line, followed directly by your short description context.\n2. Generate the project files as purely sequential code blocks. DO NOT output conversational text BETWEEN the code blocks. They must stack cleanly.\n3. Immediately after the final code block, but BEFORE your final conclusion, you MUST generate a 'Separation of Concerns' section. Format this seamlessly (e.g., as a clean markdown list or table) mapping each generated file back to its strict architectural responsibility (e.g., `models.js` -> Physics and state, `DinoGame.jsx` -> Composes react components).\n4. Finish with a thorough conclusion followed by actionable future suggestions. This text MUST be generated after the Separation of Concerns.\n   - NEVER use literal section headers (like 'Conclusion' or 'Next Steps'), and NEVER explicitly announce 'Here are some future suggestions:'. Seamlessly and organically weave your future recommendations into the conversation's flow.\n   - IMPORTANT: Always format the final actionable suggestions as clean bullet points or numbered lists for readability. You MUST place every point on its own strict NEW LINE.\n\n### Project Requirements (ONLY for coding/project tasks):\nGenerate the following as independent code blocks if applicable:\n1. **setup_script.sh**: Commands to scaffold the project\n2. **Dependency file**: (e.g., `package.json`, `pubspec.yaml`, `requirements.txt`)\n3. **Models**: All data models, interfaces, types, or classes\n4. **Theme/Design System**: Colors, typography, spacing\n5. **Seed Data**: (if applicable) with rich content\n6. **Additional files**: Screens, components, services, etc.\n\n### Quality Rules for Code/Data:\n- explanations must be 2-4 sentences, genuinely educational\n- funFacts must be surprising, specific, and verifiable\n- Every file must be complete and runnable \u00e2\u20ac\u201d no placeholders\n- Include all imports and add brief inline comments\n\n### Format Rules:\n- NEVER use markdown horizontal rules like `---`.\n- Use triple backtick code blocks with the language specified\n- **CRITICAL REQUIREMENTS FOR INDIVIDUAL CODE BLOCKS:**\n  1) First line MUST be `// filename: [filepath.ext]`.\n  2) Second line MUST be `// description: [One brief sentence describing this file]`. DO NOT OMIT THIS.\n"}, {"role": "user", "content": "hello"}, {"role": "assistant", "content": ""}, {"role": "user", "content": "mnkk"}]

Error: Error code: 400 - {'error': {'message': "Invalid assistant message: role='assistant' content='' tool_calls=None prefix=False", 'type': 'BadRequestError', 'param': None, 'code': 400}}
Messages: [{"role": "system", "content": "You are DocMind AI, a helpful assistant. Respond naturally to greetings and general questions.\n\nONLY IF the user requests a project, a coding task, or a set of files, follow this precise flow:\n\n1. Begin with an introductory context paragraph. This text MUST be generated before any code.\n   - VERY IMPORTANT: The absolute first line of your response MUST begin exactly with `ACTION: ` followed by a short 1-sentence summary of the project. (e.g., `ACTION: Creating a structured React chatbot website with Dino game artifact`).\n   - KEEP THE INTRODUCTION VERY SHORT. Strictly limit the initial description to 5 or 6 lines maximum before starting the code.\n   - NEVER explicitly print literal section headers like 'Instruction & Description:' or 'Intro:' or 'Initial Context:'. Just write the `ACTION:` line, followed directly by your short description context.\n2. Generate the project files as purely sequential code blocks. DO NOT output conversational text BETWEEN the code blocks. They must stack cleanly.\n3. Immediately after the final code block, but BEFORE your final conclusion, you MUST generate a 'Separation of Concerns' section. Format this seamlessly (e.g., as a clean markdown list or table) mapping each generated file back to its strict architectural responsibility (e.g., `models.js` -> Physics and state, `DinoGame.jsx` -> Composes react components).\n4. Finish with a thorough conclusion followed by actionable future suggestions. This text MUST be generated after the Separation of Concerns.\n   - NEVER use literal section headers (like 'Conclusion' or 'Next Steps'), and NEVER explicitly announce 'Here are some future suggestions:'. Seamlessly and organically weave your future recommendations into the conversation's flow.\n   - IMPORTANT: Always format the final actionable suggestions as clean bullet points or numbered lists for readability. You MUST place every point on its own strict NEW LINE.\n\n### Project Requirements (ONLY for coding/project tasks):\nGenerate the following as independent code blocks if applicable:\n1. **setup_script.sh**: Commands to scaffold the project\n2. **Dependency file**: (e.g., `package.json`, `pubspec.yaml`, `requirements.txt`)\n3. **Models**: All data models, interfaces, types, or classes\n4. **Theme/Design System**: Colors, typography, spacing\n5. **Seed Data**: (if applicable) with rich content\n6. **Additional files**: Screens, components, services, etc.\n\n### Quality Rules for Code/Data:\n- explanations must be 2-4 sentences, genuinely educational\n- funFacts must be surprising, specific, and verifiable\n- Every file must be complete and runnable \u00e2\u20ac\u201d no placeholders\n- Include all imports and add brief inline comments\n\n### Format Rules:\n- NEVER use markdown horizontal rules like `---`.\n- Use triple backtick code blocks with the language specified\n- **CRITICAL REQUIREMENTS FOR INDIVIDUAL CODE BLOCKS:**\n  1) First line MUST be `// filename: [filepath.ext]`.\n  2) Second line MUST be `// description: [One brief sentence describing this file]`. DO NOT OMIT THIS.\n"}, {"role": "user", "content": "hello"}, {"role": "assistant", "content": ""}, {"role": "user", "content": "mnkk"}, {"role": "assistant", "content": ""}, {"role": "user", "content": "dcdc"}]

Error: Error code: 400 - {'object': 'error', 'message': 'At most 1 image(s) may be provided in one request. You can set `--limit-mm-per-prompt` to increase this limit if the model supports it.', 'type': 'BadRequestError', 'param': None, 'code': 400}
Traceback (most recent call last):
  File "C:\Users\Adith\OneDrive\Desktop\AIchatbot\backend\chatbot\views.py", line 85, in stream_nvidia_response
    response = client.chat.completions.create(
        model=model_to_use,
    ...<4 lines>...
        stream=True
    )
  File "C:\Users\Adith\OneDrive\Desktop\AIchatbot\backend\venv\Lib\site-packages\openai\_utils\_utils.py", line 286, in wrapper
    return func(*args, **kwargs)
  File "C:\Users\Adith\OneDrive\Desktop\AIchatbot\backend\venv\Lib\site-packages\openai\resources\chat\completions\completions.py", line 1211, in create
    return self._post(
           ~~~~~~~~~~^
        "/chat/completions",
        ^^^^^^^^^^^^^^^^^^^^
    ...<47 lines>...
        stream_cls=Stream[ChatCompletionChunk],
        ^^^^^^^^^^^^^^^^^^^^^^^^^^^^^^^^^^^^^^^
    )
    ^
  File "C:\Users\Adith\OneDrive\Desktop\AIchatbot\backend\venv\Lib\site-packages\openai\_base_client.py", line 1297, in post
    return cast(ResponseT, self.request(cast_to, opts, stream=stream, stream_cls=stream_cls))
                           ~~~~~~~~~~~~^^^^^^^^^^^^^^^^^^^^^^^^^^^^^^^^^^^^^^^^^^^^^^^^^^^^^
  File "C:\Users\Adith\OneDrive\Desktop\AIchatbot\backend\venv\Lib\site-packages\openai\_base_client.py", line 1070, in request
    raise self._make_status_error_from_response(err.response) from None
openai.BadRequestError: Error code: 400 - {'object': 'error', 'message': 'At most 1 image(s) may be provided in one request. You can set `--limit-mm-per-prompt` to increase this limit if the model supports it.', 'type': 'BadRequestError', 'param': None, 'code': 400}


Error: Error code: 400 - {'object': 'error', 'message': 'At most 1 image(s) may be provided in one request. You can set `--limit-mm-per-prompt` to increase this limit if the model supports it.', 'type': 'BadRequestError', 'param': None, 'code': 400}
Traceback (most recent call last):
  File "C:\Users\Adith\OneDrive\Desktop\AIchatbot\backend\chatbot\views.py", line 85, in stream_nvidia_response
    response = client.chat.completions.create(
        model=model_to_use,
    ...<4 lines>...
        stream=True
    )
  File "C:\Users\Adith\OneDrive\Desktop\AIchatbot\backend\venv\Lib\site-packages\openai\_utils\_utils.py", line 286, in wrapper
    return func(*args, **kwargs)
  File "C:\Users\Adith\OneDrive\Desktop\AIchatbot\backend\venv\Lib\site-packages\openai\resources\chat\completions\completions.py", line 1211, in create
    return self._post(
           ~~~~~~~~~~^
        "/chat/completions",
        ^^^^^^^^^^^^^^^^^^^^
    ...<47 lines>...
        stream_cls=Stream[ChatCompletionChunk],
        ^^^^^^^^^^^^^^^^^^^^^^^^^^^^^^^^^^^^^^^
    )
    ^
  File "C:\Users\Adith\OneDrive\Desktop\AIchatbot\backend\venv\Lib\site-packages\openai\_base_client.py", line 1297, in post
    return cast(ResponseT, self.request(cast_to, opts, stream=stream, stream_cls=stream_cls))
                           ~~~~~~~~~~~~^^^^^^^^^^^^^^^^^^^^^^^^^^^^^^^^^^^^^^^^^^^^^^^^^^^^^
  File "C:\Users\Adith\OneDrive\Desktop\AIchatbot\backend\venv\Lib\site-packages\openai\_base_client.py", line 1070, in request
    raise self._make_status_error_from_response(err.response) from None
openai.BadRequestError: Error code: 400 - {'object': 'error', 'message': 'At most 1 image(s) may be provided in one request. You can set `--limit-mm-per-prompt` to increase this limit if the model supports it.', 'type': 'BadRequestError', 'param': None, 'code': 400}


Error: Error code: 400 - {'object': 'error', 'message': 'At most 1 image(s) may be provided in one request. You can set `--limit-mm-per-prompt` to increase this limit if the model supports it.', 'type': 'BadRequestError', 'param': None, 'code': 400}
Traceback (most recent call last):
  File "C:\Users\Adith\OneDrive\Desktop\AIchatbot\backend\chatbot\views.py", line 85, in stream_nvidia_response
    response = client.chat.completions.create(
        model=model_to_use,
    ...<4 lines>...
        stream=True
    )
  File "C:\Users\Adith\OneDrive\Desktop\AIchatbot\backend\venv\Lib\site-packages\openai\_utils\_utils.py", line 286, in wrapper
    return func(*args, **kwargs)
  File "C:\Users\Adith\OneDrive\Desktop\AIchatbot\backend\venv\Lib\site-packages\openai\resources\chat\completions\completions.py", line 1211, in create
    return self._post(
           ~~~~~~~~~~^
        "/chat/completions",
        ^^^^^^^^^^^^^^^^^^^^
    ...<47 lines>...
        stream_cls=Stream[ChatCompletionChunk],
        ^^^^^^^^^^^^^^^^^^^^^^^^^^^^^^^^^^^^^^^
    )
    ^
  File "C:\Users\Adith\OneDrive\Desktop\AIchatbot\backend\venv\Lib\site-packages\openai\_base_client.py", line 1297, in post
    return cast(ResponseT, self.request(cast_to, opts, stream=stream, stream_cls=stream_cls))
                           ~~~~~~~~~~~~^^^^^^^^^^^^^^^^^^^^^^^^^^^^^^^^^^^^^^^^^^^^^^^^^^^^^
  File "C:\Users\Adith\OneDrive\Desktop\AIchatbot\backend\venv\Lib\site-packages\openai\_base_client.py", line 1070, in request
    raise self._make_status_error_from_response(err.response) from None
openai.BadRequestError: Error code: 400 - {'object': 'error', 'message': 'At most 1 image(s) may be provided in one request. You can set `--limit-mm-per-prompt` to increase this limit if the model supports it.', 'type': 'BadRequestError', 'param': None, 'code': 400}


Error: Error code: 400 - {'object': 'error', 'message': 'At most 1 image(s) may be provided in one request. You can set `--limit-mm-per-prompt` to increase this limit if the model supports it.', 'type': 'BadRequestError', 'param': None, 'code': 400}
Traceback (most recent call last):
  File "C:\Users\Adith\OneDrive\Desktop\AIchatbot\backend\chatbot\views.py", line 85, in stream_nvidia_response
    response = client.chat.completions.create(
        model=model_to_use,
    ...<4 lines>...
        stream=True
    )
  File "C:\Users\Adith\OneDrive\Desktop\AIchatbot\backend\venv\Lib\site-packages\openai\_utils\_utils.py", line 286, in wrapper
    return func(*args, **kwargs)
  File "C:\Users\Adith\OneDrive\Desktop\AIchatbot\backend\venv\Lib\site-packages\openai\resources\chat\completions\completions.py", line 1211, in create
    return self._post(
           ~~~~~~~~~~^
        "/chat/completions",
        ^^^^^^^^^^^^^^^^^^^^
    ...<47 lines>...
        stream_cls=Stream[ChatCompletionChunk],
        ^^^^^^^^^^^^^^^^^^^^^^^^^^^^^^^^^^^^^^^
    )
    ^
  File "C:\Users\Adith\OneDrive\Desktop\AIchatbot\backend\venv\Lib\site-packages\openai\_base_client.py", line 1297, in post
    return cast(ResponseT, self.request(cast_to, opts, stream=stream, stream_cls=stream_cls))
                           ~~~~~~~~~~~~^^^^^^^^^^^^^^^^^^^^^^^^^^^^^^^^^^^^^^^^^^^^^^^^^^^^^
  File "C:\Users\Adith\OneDrive\Desktop\AIchatbot\backend\venv\Lib\site-packages\openai\_base_client.py", line 1070, in request
    raise self._make_status_error_from_response(err.response) from None
openai.BadRequestError: Error code: 400 - {'object': 'error', 'message': 'At most 1 image(s) may be provided in one request. You can set `--limit-mm-per-prompt` to increase this limit if the model supports it.', 'type': 'BadRequestError', 'param': None, 'code': 400}


Error: Error code: 400 - {'object': 'error', 'message': 'At most 1 image(s) may be provided in one request. You can set `--limit-mm-per-prompt` to increase this limit if the model supports it.', 'type': 'BadRequestError', 'param': None, 'code': 400}
Traceback (most recent call last):
  File "C:\Users\Adith\OneDrive\Desktop\AIchatbot\backend\chatbot\views.py", line 85, in stream_nvidia_response
    response = client.chat.completions.create(
        model=model_to_use,
    ...<4 lines>...
        stream=True
    )
  File "C:\Users\Adith\OneDrive\Desktop\AIchatbot\backend\venv\Lib\site-packages\openai\_utils\_utils.py", line 286, in wrapper
    return func(*args, **kwargs)
  File "C:\Users\Adith\OneDrive\Desktop\AIchatbot\backend\venv\Lib\site-packages\openai\resources\chat\completions\completions.py", line 1211, in create
    return self._post(
           ~~~~~~~~~~^
        "/chat/completions",
        ^^^^^^^^^^^^^^^^^^^^
    ...<47 lines>...
        stream_cls=Stream[ChatCompletionChunk],
        ^^^^^^^^^^^^^^^^^^^^^^^^^^^^^^^^^^^^^^^
    )
    ^
  File "C:\Users\Adith\OneDrive\Desktop\AIchatbot\backend\venv\Lib\site-packages\openai\_base_client.py", line 1297, in post
    return cast(ResponseT, self.request(cast_to, opts, stream=stream, stream_cls=stream_cls))
                           ~~~~~~~~~~~~^^^^^^^^^^^^^^^^^^^^^^^^^^^^^^^^^^^^^^^^^^^^^^^^^^^^^
  File "C:\Users\Adith\OneDrive\Desktop\AIchatbot\backend\venv\Lib\site-packages\openai\_base_client.py", line 1070, in request
    raise self._make_status_error_from_response(err.response) from None
openai.BadRequestError: Error code: 400 - {'object': 'error', 'message': 'At most 1 image(s) may be provided in one request. You can set `--limit-mm-per-prompt` to increase this limit if the model supports it.', 'type': 'BadRequestError', 'param': None, 'code': 400}


Error: Error code: 400 - {'object': 'error', 'message': 'At most 1 image(s) may be provided in one request. You can set `--limit-mm-per-prompt` to increase this limit if the model supports it.', 'type': 'BadRequestError', 'param': None, 'code': 400}
Traceback (most recent call last):
  File "C:\Users\Adith\OneDrive\Desktop\AIchatbot\backend\chatbot\views.py", line 85, in stream_nvidia_response
    response = client.chat.completions.create(
        model=model_to_use,
    ...<4 lines>...
        stream=True
    )
  File "C:\Users\Adith\OneDrive\Desktop\AIchatbot\backend\venv\Lib\site-packages\openai\_utils\_utils.py", line 286, in wrapper
    return func(*args, **kwargs)
  File "C:\Users\Adith\OneDrive\Desktop\AIchatbot\backend\venv\Lib\site-packages\openai\resources\chat\completions\completions.py", line 1211, in create
    return self._post(
           ~~~~~~~~~~^
        "/chat/completions",
        ^^^^^^^^^^^^^^^^^^^^
    ...<47 lines>...
        stream_cls=Stream[ChatCompletionChunk],
        ^^^^^^^^^^^^^^^^^^^^^^^^^^^^^^^^^^^^^^^
    )
    ^
  File "C:\Users\Adith\OneDrive\Desktop\AIchatbot\backend\venv\Lib\site-packages\openai\_base_client.py", line 1297, in post
    return cast(ResponseT, self.request(cast_to, opts, stream=stream, stream_cls=stream_cls))
                           ~~~~~~~~~~~~^^^^^^^^^^^^^^^^^^^^^^^^^^^^^^^^^^^^^^^^^^^^^^^^^^^^^
  File "C:\Users\Adith\OneDrive\Desktop\AIchatbot\backend\venv\Lib\site-packages\openai\_base_client.py", line 1070, in request
    raise self._make_status_error_from_response(err.response) from None
openai.BadRequestError: Error code: 400 - {'object': 'error', 'message': 'At most 1 image(s) may be provided in one request. You can set `--limit-mm-per-prompt` to increase this limit if the model supports it.', 'type': 'BadRequestError', 'param': None, 'code': 400}



Error: Error code: 504
Messages count: 4
Model used: mistralai/mistral-large-3-675b-instruct-2512

Error: list index out of range
Messages count: 2
Model used: mistralai/mistral-large-3-675b-instruct-2512

Error: list index out of range
Messages count: 4
Model used: mistralai/mistral-large-3-675b-instruct-2512

Error: list index out of range
Messages count: 6
Model used: mistralai/mistral-large-3-675b-instruct-2512

Error: Error code: 504
Messages count: 2
Model used: meta/llama-3.2-90b-vision-instruct

Error: Error code: 504
Messages count: 2
Model used: meta/llama-3.2-90b-vision-instruct

Error: The read operation timed out
Messages count: 1
Model used: minimaxai/minimax-m2.5

Error: The read operation timed out
Messages count: 3
Model used: minimaxai/minimax-m2.5

Error: Request timed out.
Messages count: 1
Model used: deepseek-ai/deepseek-v3.2

Error: Connection error.
Messages count: 1
Model used: deepseek-ai/deepseek-v3.2

Error: Request timed out.
Messages count: 1
Model used: z-ai/glm5

Error: 
Messages count: 5
Model used: minimaxai/minimax-m2.5

Error: 'coroutine' object is not iterable
Messages count: 5
Model used: minimaxai/minimax-m2.5

Error: The read operation timed out
Messages count: 5
Model used: minimaxai/minimax-m2.5

Error: Connection error.
Messages count: 1
Model used: z-ai/glm5

Error: The read operation timed out
Messages count: 1
Model used: minimaxai/minimax-m2.5

Error: Request timed out.
Messages count: 3
Model used: z-ai/glm5

Error: Request timed out.
Messages count: 5
Model used: z-ai/glm5

Error: Request timed out.
Messages count: 3
Model used: z-ai/glm5

Error: Request timed out.
Messages count: 3
Model used: z-ai/glm5

Error: Request timed out.
Messages count: 1
Model used: minimaxai/minimax-m2.5

Error: Request timed out.
Messages count: 1
Model used: minimaxai/minimax-m2.5

Error: Request timed out.
Messages count: 1
Model used: minimaxai/minimax-m2.5

Error: Request timed out.
Messages count: 1
Model used: minimaxai/minimax-m2.5

Error: Request timed out.
Messages count: 1
Model used: minimaxai/minimax-m2.5

Error: Request timed out.
Messages count: 1
Model used: minimaxai/minimax-m2.5

Error: Request timed out.
Messages count: 1
Model used: minimaxai/minimax-m2.5

Error: Request timed out.
Messages count: 1
Model used: minimaxai/minimax-m2.5

Error: Request timed out.
Messages count: 1
Model used: minimaxai/minimax-m2.5

Error: Request timed out.
Messages count: 1
Model used: minimaxai/minimax-m2.5
